// Jest Snapshot v1, https://goo.gl/fbAQLP

exports[`MainOrganism snapshot example 1`] = `
<main
  className="css-ho9uo1"
>
  <div
    className="css-1224u6r"
  >
    <div
      className="css-16ydowa-MainOrganism"
    >
      <section
        className="css-8atqhb"
      >
        Header
      </section>
    </div>
    <div
      className="css-hboir5"
    >
      <div
        className="mpp__loading-block"
      />
    </div>
    <div
      className="css-hboir5"
    >
      <section
        className="css-8atqhb"
      >
        Footer
      </section>
    </div>
  </div>
</main>
`;
