// Jest Snapshot v1, https://goo.gl/fbAQLP

exports[`MainOrganism snapshot example 1`] = `
<main
  className="css-ho9uo1"
>
  <div
    className="css-1224u6r"
  >
    <div
      className="css-gu1zkw-MainOrganism"
    >
      <section
        className="css-8atqhb"
      >
        Header
      </section>
    </div>
    <div
      className="css-npnykh"
    >
      <section
        className="css-djz5fk-SliderOrganism"
      >
        <section
          className="css-cbl75v"
        >
          Data
        </section>
        <section
          className="css-uq7dtg"
        >
          Content
        </section>
        <section
          className="css-b95f0i"
        >
          <div
            className="mpp-font--text css-1op49o9-MenuItemAtom"
          >
            Albums
          </div>
          <div
            className="mpp-font--text css-1op49o9-MenuItemAtom"
          >
            Artists
          </div>
          <div
            className="mpp-font--text css-1op49o9-MenuItemAtom"
          >
            Songs
          </div>
        </section>
      </section>
      <section
        className="mpp-font--bold css-18opcsq"
      >
        Navigation
      </section>
    </div>
    <div
      className="css-sd7lsn"
    >
      <section
        className="css-8atqhb"
      >
        Footer
      </section>
    </div>
  </div>
</main>
`;
